Archive member included to satisfy reference by file (symbol)

c:/progra~2/gnuarm~1/102021~1.10/bin/../lib/gcc/arm-none-eabi/10.3.1/thumb/v7e-m/nofp\libgcc.a(_aeabi_uldivmod.o)
                              CMakeFiles/1_2_KEY_LED.elf.dir/Drivers/STM32F4xx_HAL_Driver/Src/stm32f4xx_hal_rcc.c.obj (__aeabi_uldivmod)
c:/progra~2/gnuarm~1/102021~1.10/bin/../lib/gcc/arm-none-eabi/10.3.1/thumb/v7e-m/nofp\libgcc.a(_udivmoddi4.o)
                              c:/progra~2/gnuarm~1/102021~1.10/bin/../lib/gcc/arm-none-eabi/10.3.1/thumb/v7e-m/nofp\libgcc.a(_aeabi_uldivmod.o) (__udivmoddi4)
c:/progra~2/gnuarm~1/102021~1.10/bin/../lib/gcc/arm-none-eabi/10.3.1/thumb/v7e-m/nofp\libgcc.a(_dvmd_tls.o)
                              c:/progra~2/gnuarm~1/102021~1.10/bin/../lib/gcc/arm-none-eabi/10.3.1/thumb/v7e-m/nofp\libgcc.a(_aeabi_uldivmod.o) (__aeabi_ldiv0)
c:/progra~2/gnuarm~1/102021~1.10/bin/../lib/gcc/arm-none-eabi/10.3.1/../../../../arm-none-eabi/lib/thumb/v7e-m/nofp\libg.a(lib_a-errno.o)
                              CMakeFiles/1_2_KEY_LED.elf.dir/Core/Src/syscalls.c.obj (__errno)
c:/progra~2/gnuarm~1/102021~1.10/bin/../lib/gcc/arm-none-eabi/10.3.1/../../../../arm-none-eabi/lib/thumb/v7e-m/nofp\libg.a(lib_a-exit.o)
                              c:/progra~2/gnuarm~1/102021~1.10/bin/../lib/gcc/arm-none-eabi/10.3.1/../../../../arm-none-eabi/lib/thumb/v7e-m/nofp/crt0.o (exit)
c:/progra~2/gnuarm~1/102021~1.10/bin/../lib/gcc/arm-none-eabi/10.3.1/../../../../arm-none-eabi/lib/thumb/v7e-m/nofp\libg.a(lib_a-impure.o)
                              c:/progra~2/gnuarm~1/102021~1.10/bin/../lib/gcc/arm-none-eabi/10.3.1/../../../../arm-none-eabi/lib/thumb/v7e-m/nofp\libg.a(lib_a-exit.o) (_global_impure_ptr)
c:/progra~2/gnuarm~1/102021~1.10/bin/../lib/gcc/arm-none-eabi/10.3.1/../../../../arm-none-eabi/lib/thumb/v7e-m/nofp\libg.a(lib_a-init.o)
                              c:/progra~2/gnuarm~1/102021~1.10/bin/../lib/gcc/arm-none-eabi/10.3.1/../../../../arm-none-eabi/lib/thumb/v7e-m/nofp/crt0.o (__libc_init_array)
c:/progra~2/gnuarm~1/102021~1.10/bin/../lib/gcc/arm-none-eabi/10.3.1/../../../../arm-none-eabi/lib/thumb/v7e-m/nofp\libg.a(lib_a-memset.o)
                              c:/progra~2/gnuarm~1/102021~1.10/bin/../lib/gcc/arm-none-eabi/10.3.1/../../../../arm-none-eabi/lib/thumb/v7e-m/nofp/crt0.o (memset)
c:/progra~2/gnuarm~1/102021~1.10/bin/../lib/gcc/arm-none-eabi/10.3.1/../../../../arm-none-eabi/lib/thumb/v7e-m/nofp\libg.a(lib_a-__call_atexit.o)
                              c:/progra~2/gnuarm~1/102021~1.10/bin/../lib/gcc/arm-none-eabi/10.3.1/../../../../arm-none-eabi/lib/thumb/v7e-m/nofp\libg.a(lib_a-exit.o) (__call_exitprocs)
c:/progra~2/gnuarm~1/102021~1.10/bin/../lib/gcc/arm-none-eabi/10.3.1/../../../../arm-none-eabi/lib/thumb/v7e-m/nofp\libg.a(lib_a-atexit.o)
                              c:/progra~2/gnuarm~1/102021~1.10/bin/../lib/gcc/arm-none-eabi/10.3.1/../../../../arm-none-eabi/lib/thumb/v7e-m/nofp\libg.a(lib_a-__call_atexit.o) (atexit)
c:/progra~2/gnuarm~1/102021~1.10/bin/../lib/gcc/arm-none-eabi/10.3.1/../../../../arm-none-eabi/lib/thumb/v7e-m/nofp\libg.a(lib_a-fini.o)
                              c:/progra~2/gnuarm~1/102021~1.10/bin/../lib/gcc/arm-none-eabi/10.3.1/../../../../arm-none-eabi/lib/thumb/v7e-m/nofp\libg.a(lib_a-__call_atexit.o) (__libc_fini_array)
c:/progra~2/gnuarm~1/102021~1.10/bin/../lib/gcc/arm-none-eabi/10.3.1/../../../../arm-none-eabi/lib/thumb/v7e-m/nofp\libg.a(lib_a-lock.o)
                              c:/progra~2/gnuarm~1/102021~1.10/bin/../lib/gcc/arm-none-eabi/10.3.1/../../../../arm-none-eabi/lib/thumb/v7e-m/nofp\libg.a(lib_a-__call_atexit.o) (__retarget_lock_acquire_recursive)
c:/progra~2/gnuarm~1/102021~1.10/bin/../lib/gcc/arm-none-eabi/10.3.1/../../../../arm-none-eabi/lib/thumb/v7e-m/nofp\libg.a(lib_a-__atexit.o)
                              c:/progra~2/gnuarm~1/102021~1.10/bin/../lib/gcc/arm-none-eabi/10.3.1/../../../../arm-none-eabi/lib/thumb/v7e-m/nofp\libg.a(lib_a-atexit.o) (__register_exitproc)

Discarded input sections

 .text          0x00000000        0x0 c:/progra~2/gnuarm~1/102021~1.10/bin/../lib/gcc/arm-none-eabi/10.3.1/thumb/v7e-m/nofp/crti.o
 .data          0x00000000        0x0 c:/progra~2/gnuarm~1/102021~1.10/bin/../lib/gcc/arm-none-eabi/10.3.1/thumb/v7e-m/nofp/crti.o
 .bss           0x00000000        0x0 c:/progra~2/gnuarm~1/102021~1.10/bin/../lib/gcc/arm-none-eabi/10.3.1/thumb/v7e-m/nofp/crti.o
 .data          0x00000000        0x4 c:/progra~2/gnuarm~1/102021~1.10/bin/../lib/gcc/arm-none-eabi/10.3.1/thumb/v7e-m/nofp/crtbegin.o
 .rodata        0x00000000       0x24 c:/progra~2/gnuarm~1/102021~1.10/bin/../lib/gcc/arm-none-eabi/10.3.1/thumb/v7e-m/nofp/crtbegin.o
 .text          0x00000000       0x7c c:/progra~2/gnuarm~1/102021~1.10/bin/../lib/gcc/arm-none-eabi/10.3.1/../../../../arm-none-eabi/lib/thumb/v7e-m/nofp/crt0.o
[...]
Memory Configuration

Name             Origin             Length             Attributes
CCMRAM           0x10000000         0x00010000         xrw
RAM              0x20000000         0x00020000         xrw
FLASH            0x08000000         0x00100000         xr
*default*        0x00000000         0xffffffff

Linker script and memory map

LOAD c:/progra~2/gnuarm~1/102021~1.10/bin/../lib/gcc/arm-none-eabi/10.3.1/thumb/v7e-m/nofp/crti.o
LOAD c:/progra~2/gnuarm~1/102021~1.10/bin/../lib/gcc/arm-none-eabi/10.3.1/thumb/v7e-m/nofp/crtbegin.o
LOAD c:/progra~2/gnuarm~1/102021~1.10/bin/../lib/gcc/arm-none-eabi/10.3.1/../../../../arm-none-eabi/lib/thumb/v7e-m/nofp/crt0.o
LOAD CMakeFiles/1_2_KEY_LED.elf.dir/Core/Src/gpio.c.obj
LOAD CMakeFiles/1_2_KEY_LED.elf.dir/Core/Src/main.c.obj
LOAD CMakeFiles/1_2_KEY_LED.elf.dir/Core/Src/stm32f4xx_hal_msp.c.obj
LOAD CMakeFiles/1_2_KEY_LED.elf.dir/Core/Src/stm32f4xx_it.c.obj
LOAD CMakeFiles/1_2_KEY_LED.elf.dir/Core/Src/syscalls.c.obj
LOAD CMakeFiles/1_2_KEY_LED.elf.dir/Core/Src/sysmem.c.obj
LOAD CMakeFiles/1_2_KEY_LED.elf.dir/Core/Src/system_stm32f4xx.c.obj
LOAD CMakeFiles/1_2_KEY_LED.elf.dir/Core/Src/usart.c.obj
LOAD CMakeFiles/1_2_KEY_LED.elf.dir/Core/Startup/startup_stm32f407zgtx.s.obj
LOAD CMakeFiles/1_2_KEY_LED.elf.dir/Drivers/STM32F4xx_HAL_Driver/Src/stm32f4xx_hal.c.obj
LOAD CMakeFiles/1_2_KEY_LED.elf.dir/Drivers/STM32F4xx_HAL_Driver/Src/stm32f4xx_hal_cortex.c.obj
LOAD CMakeFiles/1_2_KEY_LED.elf.dir/Drivers/STM32F4xx_HAL_Driver/Src/stm32f4xx_hal_dma.c.obj
LOAD CMakeFiles/1_2_KEY_LED.elf.dir/Drivers/STM32F4xx_HAL_Driver/Src/stm32f4xx_hal_dma_ex.c.obj
LOAD CMakeFiles/1_2_KEY_LED.elf.dir/Drivers/STM32F4xx_HAL_Driver/Src/stm32f4xx_hal_exti.c.obj
LOAD CMakeFiles/1_2_KEY_LED.elf.dir/Drivers/STM32F4xx_HAL_Driver/Src/stm32f4xx_hal_flash.c.obj
LOAD CMakeFiles/1_2_KEY_LED.elf.dir/Drivers/STM32F4xx_HAL_Driver/Src/stm32f4xx_hal_flash_ex.c.obj
LOAD CMakeFiles/1_2_KEY_LED.elf.dir/Drivers/STM32F4xx_HAL_Driver/Src/stm32f4xx_hal_flash_ramfunc.c.obj
LOAD CMakeFiles/1_2_KEY_LED.elf.dir/Drivers/STM32F4xx_HAL_Driver/Src/stm32f4xx_hal_gpio.c.obj
LOAD CMakeFiles/1_2_KEY_LED.elf.dir/Drivers/STM32F4xx_HAL_Driver/Src/stm32f4xx_hal_pwr.c.obj
LOAD CMakeFiles/1_2_KEY_LED.elf.dir/Drivers/STM32F4xx_HAL_Driver/Src/stm32f4xx_hal_pwr_ex.c.obj
LOAD CMakeFiles/1_2_KEY_LED.elf.dir/Drivers/STM32F4xx_HAL_Driver/Src/stm32f4xx_hal_rcc.c.obj
LOAD CMakeFiles/1_2_KEY_LED.elf.dir/Drivers/STM32F4xx_HAL_Driver/Src/stm32f4xx_hal_rcc_ex.c.obj
LOAD CMakeFiles/1_2_KEY_LED.elf.dir/Drivers/STM32F4xx_HAL_Driver/Src/stm32f4xx_hal_tim.c.obj
LOAD CMakeFiles/1_2_KEY_LED.elf.dir/Drivers/STM32F4xx_HAL_Driver/Src/stm32f4xx_hal_tim_ex.c.obj
LOAD CMakeFiles/1_2_KEY_LED.elf.dir/Drivers/STM32F4xx_HAL_Driver/Src/stm32f4xx_hal_uart.c.obj
LOAD CMakeFiles/1_2_KEY_LED.elf.dir/User/Key.c.obj
START GROUP
LOAD c:/progra~2/gnuarm~1/102021~1.10/bin/../lib/gcc/arm-none-eabi/10.3.1/thumb/v7e-m/nofp\libgcc.a
LOAD c:/progra~2/gnuarm~1/102021~1.10/bin/../lib/gcc/arm-none-eabi/10.3.1/../../../../arm-none-eabi/lib/thumb/v7e-m/nofp\libg.a
LOAD c:/progra~2/gnuarm~1/102021~1.10/bin/../lib/gcc/arm-none-eabi/10.3.1/../../../../arm-none-eabi/lib/thumb/v7e-m/nofp\libc.a
END GROUP
LOAD c:/progra~2/gnuarm~1/102021~1.10/bin/../lib/gcc/arm-none-eabi/10.3.1/thumb/v7e-m/nofp/crtend.o
LOAD c:/progra~2/gnuarm~1/102021~1.10/bin/../lib/gcc/arm-none-eabi/10.3.1/thumb/v7e-m/nofp/crtn.o
                0x20020000                _estack = (ORIGIN (RAM) + LENGTH (RAM))
                0x00000200                _Min_Heap_Size = 0x200
                0x00000400                _Min_Stack_Size = 0x400

.isr_vector     0x08000000      0x188
                0x08000000                . = ALIGN (0x4)
 *(.isr_vector)
 .isr_vector    0x08000000      0x188 CMakeFiles/1_2_KEY_LED.elf.dir/Core/Startup/startup_stm32f407zgtx.s.obj
                0x08000000                g_pfnVectors
                0x08000188                . = ALIGN (0x4)

.text           0x08000188     0x1484
                0x08000188                . = ALIGN (0x4)
 *(.text)
 .text          0x08000188       0x40 c:/progra~2/gnuarm~1/102021~1.10/bin/../lib/gcc/arm-none-eabi/10.3.1/thumb/v7e-m/nofp/crtbegin.o
 .text          0x080001c8       0x30 c:/progra~2/gnuarm~1/102021~1.10/bin/../lib/gcc/arm-none-eabi/10.3.1/thumb/v7e-m/nofp\libgcc.a(_aeabi_uldivmod.o)
                0x080001c8                __aeabi_uldivmod
 .text          0x080001f8      0x2d0 c:/progra~2/gnuarm~1/102021~1.10/bin/../lib/gcc/arm-none-eabi/10.3.1/thumb/v7e-m/nofp\libgcc.a(_udivmoddi4.o)
                0x080001f8                __udivmoddi4
 .text          0x080004c8        0x4 c:/progra~2/gnuarm~1/102021~1.10/bin/../lib/gcc/arm-none-eabi/10.3.1/thumb/v7e-m/nofp\libgcc.a(_dvmd_tls.o)
                0x080004c8                __aeabi_idiv0
                0x080004c8                __aeabi_ldiv0
 *(.text*)
 .text.MX_GPIO_Init
                0x080004cc       0xbc CMakeFiles/1_2_KEY_LED.elf.dir/Core/Src/gpio.c.obj
                0x080004cc                MX_GPIO_Init
 .text.Error_Handler
                0x08000588        0x4 CMakeFiles/1_2_KEY_LED.elf.dir/Core/Src/main.c.obj
                0x08000588                Error_Handler
 .text.SystemClock_Config
                0x0800058c       0xac CMakeFiles/1_2_KEY_LED.elf.dir/Core/Src/main.c.obj
                0x0800058c                SystemClock_Config
 .text.main     0x08000638       0x5c CMakeFiles/1_2_KEY_LED.elf.dir/Core/Src/main.c.obj
                0x08000638                main
 .text.HAL_MspInit
                0x08000694       0x38 CMakeFiles/1_2_KEY_LED.elf.dir/Core/Src/stm32f4xx_hal_msp.c.obj
                0x08000694                HAL_MspInit
 .text.NMI_Handler
                0x080006cc        0x8 CMakeFiles/1_2_KEY_LED.elf.dir/Core/Src/stm32f4xx_it.c.obj
                0x080006cc                NMI_Handler
 .text.HardFault_Handler
                0x080006d4        0x2 CMakeFiles/1_2_KEY_LED.elf.dir/Core/Src/stm32f4xx_it.c.obj
                0x080006d4                HardFault_Handler
 .text.MemManage_Handler
                0x080006d6        0x2 CMakeFiles/1_2_KEY_LED.elf.dir/Core/Src/stm32f4xx_it.c.obj
                0x080006d6                MemManage_Handler
 .text.BusFault_Handler
                0x080006d8        0x2 CMakeFiles/1_2_KEY_LED.elf.dir/Core/Src/stm32f4xx_it.c.obj
                0x080006d8                BusFault_Handler
 .text.UsageFault_Handler
                0x080006da        0x2 CMakeFiles/1_2_KEY_LED.elf.dir/Core/Src/stm32f4xx_it.c.obj
                0x080006da                UsageFault_Handler
 .text.SVC_Handler
                0x080006dc        0x2 CMakeFiles/1_2_KEY_LED.elf.dir/Core/Src/stm32f4xx_it.c.obj
                0x080006dc                SVC_Handler
 .text.DebugMon_Handler
                0x080006de        0x2 CMakeFiles/1_2_KEY_LED.elf.dir/Core/Src/stm32f4xx_it.c.obj
                0x080006de                DebugMon_Handler
 .text.PendSV_Handler
                0x080006e0        0x2 CMakeFiles/1_2_KEY_LED.elf.dir/Core/Src/stm32f4xx_it.c.obj
                0x080006e0                PendSV_Handler
 .text.SysTick_Handler
                0x080006e2        0x8 CMakeFiles/1_2_KEY_LED.elf.dir/Core/Src/stm32f4xx_it.c.obj
                0x080006e2                SysTick_Handler
 .text.SystemInit
                0x080006ea        0x2 CMakeFiles/1_2_KEY_LED.elf.dir/Core/Src/system_stm32f4xx.c.obj
                0x080006ea                SystemInit
 .text.MX_USART1_UART_Init
                0x080006ec       0x34 CMakeFiles/1_2_KEY_LED.elf.dir/Core/Src/usart.c.obj
                0x080006ec                MX_USART1_UART_Init
 .text.HAL_UART_MspInit
                0x08000720       0x74 CMakeFiles/1_2_KEY_LED.elf.dir/Core/Src/usart.c.obj
                0x08000720                HAL_UART_MspInit
 .text.Reset_Handler
                0x08000794       0x50 CMakeFiles/1_2_KEY_LED.elf.dir/Core/Startup/startup_stm32f407zgtx.s.obj
                0x08000794                Reset_Handler
 .text.Default_Handler
                0x080007e4        0x2 CMakeFiles/1_2_KEY_LED.elf.dir/Core/Startup/startup_stm32f407zgtx.s.obj
                0x080007e4                RTC_Alarm_IRQHandler
                0x080007e4                HASH_RNG_IRQHandler
                0x080007e4                EXTI2_IRQHandler
                0x080007e4                TIM8_CC_IRQHandler
                0x080007e4                TIM1_CC_IRQHandler
                0x080007e4                DMA2_Stream5_IRQHandler
                0x080007e4                DMA1_Stream5_IRQHandler
                0x080007e4                PVD_IRQHandler
                0x080007e4                SDIO_IRQHandler
                0x080007e4                TAMP_STAMP_IRQHandler
                0x080007e4                CAN2_RX1_IRQHandler
                0x080007e4                EXTI3_IRQHandler
                0x080007e4                TIM8_TRG_COM_TIM14_IRQHandler
                0x080007e4                TIM1_UP_TIM10_IRQHandler
                0x080007e4                TIM8_UP_TIM13_IRQHandler
                0x080007e4                I2C3_ER_IRQHandler
                0x080007e4                EXTI0_IRQHandler
                0x080007e4                I2C2_EV_IRQHandler
                0x080007e4                DMA1_Stream2_IRQHandler
                0x080007e4                CAN1_RX0_IRQHandler
                0x080007e4                FPU_IRQHandler
                0x080007e4                OTG_HS_WKUP_IRQHandler
                0x080007e4                CAN2_SCE_IRQHandler
                0x080007e4                DMA2_Stream2_IRQHandler
                0x080007e4                SPI1_IRQHandler
                0x080007e4                TIM6_DAC_IRQHandler
                0x080007e4                TIM1_BRK_TIM9_IRQHandler
                0x080007e4                DCMI_IRQHandler
                0x080007e4                CAN2_RX0_IRQHandler
                0x080007e4                DMA2_Stream3_IRQHandler
                0x080007e4                USART6_IRQHandler
                0x080007e4                USART3_IRQHandler
                0x080007e4                CAN1_RX1_IRQHandler
                0x080007e4                UART5_IRQHandler
                0x080007e4                DMA2_Stream0_IRQHandler
                0x080007e4                TIM4_IRQHandler
                0x080007e4                I2C1_EV_IRQHandler
                0x080007e4                DMA1_Stream6_IRQHandler
                0x080007e4                DMA1_Stream1_IRQHandler
                0x080007e4                UART4_IRQHandler
                0x080007e4                TIM3_IRQHandler
                0x080007e4                RCC_IRQHandler
                0x080007e4                TIM8_BRK_TIM12_IRQHandler
                0x080007e4                Default_Handler
                0x080007e4                EXTI15_10_IRQHandler
                0x080007e4                ADC_IRQHandler
                0x080007e4                DMA1_Stream7_IRQHandler
                0x080007e4                TIM7_IRQHandler
                0x080007e4                CAN2_TX_IRQHandler
                0x080007e4                TIM5_IRQHandler
                0x080007e4                DMA2_Stream7_IRQHandler
                0x080007e4                I2C3_EV_IRQHandler
                0x080007e4                EXTI9_5_IRQHandler
                0x080007e4                RTC_WKUP_IRQHandler
                0x080007e4                ETH_WKUP_IRQHandler
                0x080007e4                SPI2_IRQHandler
                0x080007e4                OTG_HS_EP1_IN_IRQHandler
                0x080007e4                DMA1_Stream0_IRQHandler
                0x080007e4                CAN1_TX_IRQHandler
                0x080007e4                EXTI4_IRQHandler
                0x080007e4                FSMC_IRQHandler
                0x080007e4                ETH_IRQHandler
                0x080007e4                OTG_HS_EP1_OUT_IRQHandler
                0x080007e4                WWDG_IRQHandler
                0x080007e4                TIM2_IRQHandler
                0x080007e4                OTG_FS_WKUP_IRQHandler
                0x080007e4                TIM1_TRG_COM_TIM11_IRQHandler
                0x080007e4                OTG_HS_IRQHandler
                0x080007e4                EXTI1_IRQHandler
                0x080007e4                USART2_IRQHandler
                0x080007e4                I2C2_ER_IRQHandler
                0x080007e4                DMA2_Stream1_IRQHandler
                0x080007e4                CAN1_SCE_IRQHandler
                0x080007e4                FLASH_IRQHandler
                0x080007e4                DMA2_Stream4_IRQHandler
                0x080007e4                USART1_IRQHandler
                0x080007e4                OTG_FS_IRQHandler
                0x080007e4                SPI3_IRQHandler
                0x080007e4                DMA1_Stream4_IRQHandler
                0x080007e4                I2C1_ER_IRQHandler
                0x080007e4                DMA2_Stream6_IRQHandler
                0x080007e4                DMA1_Stream3_IRQHandler
 *fill*         0x080007e6        0x2 
 .text.HAL_InitTick
                0x080007e8       0x4c CMakeFiles/1_2_KEY_LED.elf.dir/Drivers/STM32F4xx_HAL_Driver/Src/stm32f4xx_hal.c.obj
                0x080007e8                HAL_InitTick
 .text.HAL_Init
                0x08000834       0x34 CMakeFiles/1_2_KEY_LED.elf.dir/Drivers/STM32F4xx_HAL_Driver/Src/stm32f4xx_hal.c.obj
                0x08000834                HAL_Init
 .text.HAL_IncTick
                0x08000868       0x18 CMakeFiles/1_2_KEY_LED.elf.dir/Drivers/STM32F4xx_HAL_Driver/Src/stm32f4xx_hal.c.obj
                0x08000868                HAL_IncTick
 .text.HAL_GetTick
                0x08000880        0xc CMakeFiles/1_2_KEY_LED.elf.dir/Drivers/STM32F4xx_HAL_Driver/Src/stm32f4xx_hal.c.obj
                0x08000880                HAL_GetTick
 .text.HAL_Delay
                0x0800088c       0x28 CMakeFiles/1_2_KEY_LED.elf.dir/Drivers/STM32F4xx_HAL_Driver/Src/stm32f4xx_hal.c.obj
                0x0800088c                HAL_Delay
 .text.HAL_NVIC_SetPriorityGrouping
                0x080008b4       0x24 CMakeFiles/1_2_KEY_LED.elf.dir/Drivers/STM32F4xx_HAL_Driver/Src/stm32f4xx_hal_cortex.c.obj
                0x080008b4                HAL_NVIC_SetPriorityGrouping
 .text.HAL_NVIC_SetPriority
                0x080008d8       0x70 CMakeFiles/1_2_KEY_LED.elf.dir/Drivers/STM32F4xx_HAL_Driver/Src/stm32f4xx_hal_cortex.c.obj
                0x080008d8                HAL_NVIC_SetPriority
 .text.HAL_SYSTICK_Config
                0x08000948       0x28 CMakeFiles/1_2_KEY_LED.elf.dir/Drivers/STM32F4xx_HAL_Driver/Src/stm32f4xx_hal_cortex.c.obj
                0x08000948                HAL_SYSTICK_Config
 .text.HAL_GPIO_Init
                0x08000970      0x1e4 CMakeFiles/1_2_KEY_LED.elf.dir/Drivers/STM32F4xx_HAL_Driver/Src/stm32f4xx_hal_gpio.c.obj
                0x08000970                HAL_GPIO_Init
 .text.HAL_GPIO_ReadPin
                0x08000b54        0xe CMakeFiles/1_2_KEY_LED.elf.dir/Drivers/STM32F4xx_HAL_Driver/Src/stm32f4xx_hal_gpio.c.obj
                0x08000b54                HAL_GPIO_ReadPin
 .text.HAL_GPIO_WritePin
                0x08000b62        0xc CMakeFiles/1_2_KEY_LED.elf.dir/Drivers/STM32F4xx_HAL_Driver/Src/stm32f4xx_hal_gpio.c.obj
                0x08000b62                HAL_GPIO_WritePin
 .text.HAL_GPIO_TogglePin
                0x08000b6e       0x12 CMakeFiles/1_2_KEY_LED.elf.dir/Drivers/STM32F4xx_HAL_Driver/Src/stm32f4xx_hal_gpio.c.obj
                0x08000b6e                HAL_GPIO_TogglePin
 .text.HAL_RCC_OscConfig
                0x08000b80      0x3f8 CMakeFiles/1_2_KEY_LED.elf.dir/Drivers/STM32F4xx_HAL_Driver/Src/stm32f4xx_hal_rcc.c.obj
                0x08000b80                HAL_RCC_OscConfig
 .text.HAL_RCC_EnableCSS
                0x08000f78        0xc CMakeFiles/1_2_KEY_LED.elf.dir/Drivers/STM32F4xx_HAL_Driver/Src/stm32f4xx_hal_rcc.c.obj
                0x08000f78                HAL_RCC_EnableCSS
 .text.HAL_RCC_GetSysClockFreq
                0x08000f84       0xd4 CMakeFiles/1_2_KEY_LED.elf.dir/Drivers/STM32F4xx_HAL_Driver/Src/stm32f4xx_hal_rcc.c.obj
                0x08000f84                HAL_RCC_GetSysClockFreq
 .text.HAL_RCC_ClockConfig
                0x08001058      0x160 CMakeFiles/1_2_KEY_LED.elf.dir/Drivers/STM32F4xx_HAL_Driver/Src/stm32f4xx_hal_rcc.c.obj
                0x08001058                HAL_RCC_ClockConfig
 .text.HAL_RCC_GetHCLKFreq
                0x080011b8        0xc CMakeFiles/1_2_KEY_LED.elf.dir/Drivers/STM32F4xx_HAL_Driver/Src/stm32f4xx_hal_rcc.c.obj
                0x080011b8                HAL_RCC_GetHCLKFreq
 .text.HAL_RCC_GetPCLK1Freq
                0x080011c4       0x20 CMakeFiles/1_2_KEY_LED.elf.dir/Drivers/STM32F4xx_HAL_Driver/Src/stm32f4xx_hal_rcc.c.obj
                0x080011c4                HAL_RCC_GetPCLK1Freq
 .text.HAL_RCC_GetPCLK2Freq
                0x080011e4       0x20 CMakeFiles/1_2_KEY_LED.elf.dir/Drivers/STM32F4xx_HAL_Driver/Src/stm32f4xx_hal_rcc.c.obj
                0x080011e4                HAL_RCC_GetPCLK2Freq
 .text.HAL_RCC_CSSCallback
                0x08001204        0x2 CMakeFiles/1_2_KEY_LED.elf.dir/Drivers/STM32F4xx_HAL_Driver/Src/stm32f4xx_hal_rcc.c.obj
                0x08001204                HAL_RCC_CSSCallback
 *fill*         0x08001206        0x2 
 .text.HAL_RCC_NMI_IRQHandler
                0x08001208       0x20 CMakeFiles/1_2_KEY_LED.elf.dir/Drivers/STM32F4xx_HAL_Driver/Src/stm32f4xx_hal_rcc.c.obj
                0x08001208                HAL_RCC_NMI_IRQHandler
 .text.UART_SetConfig
                0x08001228      0x110 CMakeFiles/1_2_KEY_LED.elf.dir/Drivers/STM32F4xx_HAL_Driver/Src/stm32f4xx_hal_uart.c.obj
 .text.HAL_UART_Init
                0x08001338       0x5e CMakeFiles/1_2_KEY_LED.elf.dir/Drivers/STM32F4xx_HAL_Driver/Src/stm32f4xx_hal_uart.c.obj
                0x08001338                HAL_UART_Init
 *fill*         0x08001396        0x2 
 .text.USER_GETKEY0
                0x08001398       0x30 CMakeFiles/1_2_KEY_LED.elf.dir/User/Key.c.obj
                0x08001398                USER_GETKEY0
 .text.USER_GETKEY1
                0x080013c8       0x30 CMakeFiles/1_2_KEY_LED.elf.dir/User/Key.c.obj
                0x080013c8                USER_GETKEY1
 .text.USER_GETKEY2
                0x080013f8       0x30 CMakeFiles/1_2_KEY_LED.elf.dir/User/Key.c.obj
                0x080013f8                USER_GETKEY2
 .text.__libc_init_array
                0x08001428       0x48 c:/progra~2/gnuarm~1/102021~1.10/bin/../lib/gcc/arm-none-eabi/10.3.1/../../../../arm-none-eabi/lib/thumb/v7e-m/nofp\libg.a(lib_a-init.o)
                0x08001428                __libc_init_array
 .text.memset   0x08001470       0xa4 c:/progra~2/gnuarm~1/102021~1.10/bin/../lib/gcc/arm-none-eabi/10.3.1/../../../../arm-none-eabi/lib/thumb/v7e-m/nofp\libg.a(lib_a-memset.o)
                0x08001470                memset
 .text.startup.register_fini
                0x08001514       0x14 c:/progra~2/gnuarm~1/102021~1.10/bin/../lib/gcc/arm-none-eabi/10.3.1/../../../../arm-none-eabi/lib/thumb/v7e-m/nofp\libg.a(lib_a-__call_atexit.o)
 .text.atexit   0x08001528        0xc c:/progra~2/gnuarm~1/102021~1.10/bin/../lib/gcc/arm-none-eabi/10.3.1/../../../../arm-none-eabi/lib/thumb/v7e-m/nofp\libg.a(lib_a-atexit.o)
                0x08001528                atexit
 .text.__libc_fini_array
                0x08001534       0x2c c:/progra~2/gnuarm~1/102021~1.10/bin/../lib/gcc/arm-none-eabi/10.3.1/../../../../arm-none-eabi/lib/thumb/v7e-m/nofp\libg.a(lib_a-fini.o)
                0x08001534                __libc_fini_array
 .text.__retarget_lock_acquire_recursive
                0x08001560        0x4 c:/progra~2/gnuarm~1/102021~1.10/bin/../lib/gcc/arm-none-eabi/10.3.1/../../../../arm-none-eabi/lib/thumb/v7e-m/nofp\libg.a(lib_a-lock.o)
                0x08001560                __retarget_lock_acquire_recursive
 .text.__retarget_lock_release_recursive
                0x08001564        0x4 c:/progra~2/gnuarm~1/102021~1.10/bin/../lib/gcc/arm-none-eabi/10.3.1/../../../../arm-none-eabi/lib/thumb/v7e-m/nofp\libg.a(lib_a-lock.o)
                0x08001564                __retarget_lock_release_recursive
 .text.__register_exitproc
                0x08001568       0x8c c:/progra~2/gnuarm~1/102021~1.10/bin/../lib/gcc/arm-none-eabi/10.3.1/../../../../arm-none-eabi/lib/thumb/v7e-m/nofp\libg.a(lib_a-__atexit.o)
                0x08001568                __register_exitproc
 *(.glue_7)
 .glue_7        0x080015f4        0x0 linker stubs
 *(.glue_7t)
 .glue_7t       0x080015f4        0x0 linker stubs
 *(.eh_frame)
 .eh_frame      0x080015f4        0x0 c:/progra~2/gnuarm~1/102021~1.10/bin/../lib/gcc/arm-none-eabi/10.3.1/thumb/v7e-m/nofp/crtbegin.o
 *(.init)
 .init          0x080015f4        0x4 c:/progra~2/gnuarm~1/102021~1.10/bin/../lib/gcc/arm-none-eabi/10.3.1/thumb/v7e-m/nofp/crti.o
                0x080015f4                _init
 .init          0x080015f8        0x8 c:/progra~2/gnuarm~1/102021~1.10/bin/../lib/gcc/arm-none-eabi/10.3.1/thumb/v7e-m/nofp/crtn.o
 *(.fini)
 .fini          0x08001600        0x4 c:/progra~2/gnuarm~1/102021~1.10/bin/../lib/gcc/arm-none-eabi/10.3.1/thumb/v7e-m/nofp/crti.o
                0x08001600                _fini
 .fini          0x08001604        0x8 c:/progra~2/gnuarm~1/102021~1.10/bin/../lib/gcc/arm-none-eabi/10.3.1/thumb/v7e-m/nofp/crtn.o
                0x0800160c                . = ALIGN (0x4)
                0x0800160c                _etext = .

.vfp11_veneer   0x0800160c        0x0
 .vfp11_veneer  0x0800160c        0x0 linker stubs

.v4_bx          0x0800160c        0x0
 .v4_bx         0x0800160c        0x0 linker stubs

.iplt           0x0800160c        0x0
 .iplt          0x0800160c        0x0 c:/progra~2/gnuarm~1/102021~1.10/bin/../lib/gcc/arm-none-eabi/10.3.1/thumb/v7e-m/nofp/crtbegin.o

.rodata         0x0800160c       0x1c
                0x0800160c                . = ALIGN (0x4)
 *(.rodata)
 *(.rodata*)
 .rodata.AHBPrescTable
                0x0800160c       0x10 CMakeFiles/1_2_KEY_LED.elf.dir/Core/Src/system_stm32f4xx.c.obj
                0x0800160c                AHBPrescTable
 .rodata.APBPrescTable
                0x0800161c        0x8 CMakeFiles/1_2_KEY_LED.elf.dir/Core/Src/system_stm32f4xx.c.obj
                0x0800161c                APBPrescTable
 .rodata._global_impure_ptr
                0x08001624        0x4 c:/progra~2/gnuarm~1/102021~1.10/bin/../lib/gcc/arm-none-eabi/10.3.1/../../../../arm-none-eabi/lib/thumb/v7e-m/nofp\libg.a(lib_a-impure.o)
                0x08001624                _global_impure_ptr
                0x08001628                . = ALIGN (0x4)

.ARM.extab      0x08001628        0x0
                0x08001628                . = ALIGN (0x4)
 *(.ARM.extab* .gnu.linkonce.armextab.*)
                0x08001628                . = ALIGN (0x4)

.ARM            0x08001628        0x8
                0x08001628                . = ALIGN (0x4)
                0x08001628                __exidx_start = .
 *(.ARM.exidx*)
 .ARM.exidx     0x08001628        0x8 c:/progra~2/gnuarm~1/102021~1.10/bin/../lib/gcc/arm-none-eabi/10.3.1/thumb/v7e-m/nofp\libgcc.a(_udivmoddi4.o)
                0x08001630                __exidx_end = .
                0x08001630                . = ALIGN (0x4)

.rel.dyn        0x08001630        0x0
 .rel.iplt      0x08001630        0x0 c:/progra~2/gnuarm~1/102021~1.10/bin/../lib/gcc/arm-none-eabi/10.3.1/thumb/v7e-m/nofp/crtbegin.o

.preinit_array  0x08001630        0x0
                0x08001630                . = ALIGN (0x4)
                0x08001630                PROVIDE (__preinit_array_start = .)
 *(.preinit_array*)
                0x08001630                PROVIDE (__preinit_array_end = .)
                0x08001630                . = ALIGN (0x4)

.init_array     0x08001630        0x8
                0x08001630                . = ALIGN (0x4)
                0x08001630                PROVIDE (__init_array_start = .)
 *(SORT_BY_NAME(.init_array.*))
 .init_array.00000
                0x08001630        0x4 c:/progra~2/gnuarm~1/102021~1.10/bin/../lib/gcc/arm-none-eabi/10.3.1/../../../../arm-none-eabi/lib/thumb/v7e-m/nofp\libg.a(lib_a-__call_atexit.o)
 *(.init_array*)
 .init_array    0x08001634        0x4 c:/progra~2/gnuarm~1/102021~1.10/bin/../lib/gcc/arm-none-eabi/10.3.1/thumb/v7e-m/nofp/crtbegin.o
                0x08001638                PROVIDE (__init_array_end = .)
                0x08001638                . = ALIGN (0x4)

.fini_array     0x08001638        0x4
                0x08001638                . = ALIGN (0x4)
                0x08001638                PROVIDE (__fini_array_start = .)
 *(SORT_BY_NAME(.fini_array.*))
 *(.fini_array*)
 .fini_array    0x08001638        0x4 c:/progra~2/gnuarm~1/102021~1.10/bin/../lib/gcc/arm-none-eabi/10.3.1/thumb/v7e-m/nofp/crtbegin.o
                0x0800163c                PROVIDE (__fini_array_end = .)
                0x0800163c                . = ALIGN (0x4)
                0x0800163c                _sidata = LOADADDR (.data)

.data           0x20000000      0x43c load address 0x0800163c
                0x20000000                . = ALIGN (0x4)
                0x20000000                _sdata = .
 *(.data)
 *(.data*)
 .data.SystemCoreClock
                0x20000000        0x4 CMakeFiles/1_2_KEY_LED.elf.dir/Core/Src/system_stm32f4xx.c.obj
                0x20000000                SystemCoreClock
 .data.uwTickFreq
                0x20000004        0x1 CMakeFiles/1_2_KEY_LED.elf.dir/Drivers/STM32F4xx_HAL_Driver/Src/stm32f4xx_hal.c.obj
                0x20000004                uwTickFreq
 *fill*         0x20000005        0x3 
 .data.uwTickPrio
                0x20000008        0x4 CMakeFiles/1_2_KEY_LED.elf.dir/Drivers/STM32F4xx_HAL_Driver/Src/stm32f4xx_hal.c.obj
                0x20000008                uwTickPrio
 *fill*         0x2000000c        0x4 
 .data.impure_data
                0x20000010      0x428 c:/progra~2/gnuarm~1/102021~1.10/bin/../lib/gcc/arm-none-eabi/10.3.1/../../../../arm-none-eabi/lib/thumb/v7e-m/nofp\libg.a(lib_a-impure.o)
 .data.__atexit_recursive_mutex
                0x20000438        0x4 c:/progra~2/gnuarm~1/102021~1.10/bin/../lib/gcc/arm-none-eabi/10.3.1/../../../../arm-none-eabi/lib/thumb/v7e-m/nofp\libg.a(lib_a-__call_atexit.o)
                0x20000438                __atexit_recursive_mutex
 *(.RamFunc)
 *(.RamFunc*)
                0x2000043c                . = ALIGN (0x4)
                0x2000043c                _edata = .
                0x08001a78                _siccmram = LOADADDR (.ccmram)

.igot.plt       0x2000043c        0x0 load address 0x08001a78
 .igot.plt      0x2000043c        0x0 c:/progra~2/gnuarm~1/102021~1.10/bin/../lib/gcc/arm-none-eabi/10.3.1/thumb/v7e-m/nofp/crtbegin.o

.ccmram         0x10000000        0x0 load address 0x08001a78
                0x10000000                . = ALIGN (0x4)
                0x10000000                _sccmram = .
 *(.ccmram)
 *(.ccmram*)
                0x10000000                . = ALIGN (0x4)
                0x10000000                _eccmram = .
                0x10000000                . = ALIGN (0x4)

.bss            0x2000043c       0x68
                0x2000043c                _sbss = .
                0x2000043c                __bss_start__ = _sbss
 *(.bss)
 .bss           0x2000043c       0x1c c:/progra~2/gnuarm~1/102021~1.10/bin/../lib/gcc/arm-none-eabi/10.3.1/thumb/v7e-m/nofp/crtbegin.o
 *(.bss*)
 .bss.huart1    0x20000458       0x44 CMakeFiles/1_2_KEY_LED.elf.dir/Core/Src/usart.c.obj
                0x20000458                huart1
 .bss.uwTick    0x2000049c        0x4 CMakeFiles/1_2_KEY_LED.elf.dir/Drivers/STM32F4xx_HAL_Driver/Src/stm32f4xx_hal.c.obj
                0x2000049c                uwTick
 .bss.__lock___atexit_recursive_mutex
                0x200004a0        0x1 c:/progra~2/gnuarm~1/102021~1.10/bin/../lib/gcc/arm-none-eabi/10.3.1/../../../../arm-none-eabi/lib/thumb/v7e-m/nofp\libg.a(lib_a-lock.o)
                0x200004a0                __lock___atexit_recursive_mutex
 *(COMMON)
                0x200004a4                . = ALIGN (0x4)
 *fill*         0x200004a1        0x3 
                0x200004a4                _ebss = .
                0x200004a4                __bss_end__ = _ebss

._user_heap_stack
                0x200004a4      0x604
                0x200004a8                . = ALIGN (0x8)
 *fill*         0x200004a4        0x4 
                [!provide]                PROVIDE (end = .)
                0x200004a8                PROVIDE (_end = .)
                0x200006a8                . = (. + _Min_Heap_Size)
 *fill*         0x200004a8      0x200 
                0x20000aa8                . = (. + _Min_Stack_Size)
 *fill*         0x200006a8      0x400 
                0x20000aa8                . = ALIGN (0x8)

/DISCARD/
 libc.a(*)
 libm.a(*)
 libgcc.a(*)

.ARM.attributes
                0x00000000       0x2a
 *(.ARM.attributes)
 .ARM.attributes
                0x00000000       0x1e c:/progra~2/gnuarm~1/102021~1.10/bin/../lib/gcc/arm-none-eabi/10.3.1/thumb/v7e-m/nofp/crti.o
 .ARM.attributes
                0x0000001e       0x2e c:/progra~2/gnuarm~1/102021~1.10/bin/../lib/gcc/arm-none-eabi/10.3.1/thumb/v7e-m/nofp/crtbegin.o
 .ARM.attributes
                0x0000004c       0x2e CMakeFiles/1_2_KEY_LED.elf.dir/Core/Src/gpio.c.obj
 .ARM.attributes
                0x0000007a       0x2e CMakeFiles/1_2_KEY_LED.elf.dir/Core/Src/main.c.obj
 .ARM.attributes
                0x000000a8       0x2e CMakeFiles/1_2_KEY_LED.elf.dir/Core/Src/stm32f4xx_hal_msp.c.obj
 .ARM.attributes
                0x000000d6       0x2e CMakeFiles/1_2_KEY_LED.elf.dir/Core/Src/stm32f4xx_it.c.obj
 .ARM.attributes
                0x00000104       0x2e CMakeFiles/1_2_KEY_LED.elf.dir/Core/Src/system_stm32f4xx.c.obj
 .ARM.attributes
                0x00000132       0x2e CMakeFiles/1_2_KEY_LED.elf.dir/Core/Src/usart.c.obj
 .ARM.attributes
                0x00000160       0x21 CMakeFiles/1_2_KEY_LED.elf.dir/Core/Startup/startup_stm32f407zgtx.s.obj
 .ARM.attributes
                0x00000181       0x2e CMakeFiles/1_2_KEY_LED.elf.dir/Drivers/STM32F4xx_HAL_Driver/Src/stm32f4xx_hal.c.obj
 .ARM.attributes
                0x000001af       0x2e CMakeFiles/1_2_KEY_LED.elf.dir/Drivers/STM32F4xx_HAL_Driver/Src/stm32f4xx_hal_cortex.c.obj
 .ARM.attributes
                0x000001dd       0x2e CMakeFiles/1_2_KEY_LED.elf.dir/Drivers/STM32F4xx_HAL_Driver/Src/stm32f4xx_hal_gpio.c.obj
 .ARM.attributes
                0x0000020b       0x2e CMakeFiles/1_2_KEY_LED.elf.dir/Drivers/STM32F4xx_HAL_Driver/Src/stm32f4xx_hal_rcc.c.obj
 .ARM.attributes
                0x00000239       0x2e CMakeFiles/1_2_KEY_LED.elf.dir/Drivers/STM32F4xx_HAL_Driver/Src/stm32f4xx_hal_uart.c.obj
 .ARM.attributes
                0x00000267       0x2e CMakeFiles/1_2_KEY_LED.elf.dir/User/Key.c.obj
 .ARM.attributes
                0x00000295       0x1e c:/progra~2/gnuarm~1/102021~1.10/bin/../lib/gcc/arm-none-eabi/10.3.1/thumb/v7e-m/nofp\libgcc.a(_aeabi_uldivmod.o)
 .ARM.attributes
                0x000002b3       0x2e c:/progra~2/gnuarm~1/102021~1.10/bin/../lib/gcc/arm-none-eabi/10.3.1/thumb/v7e-m/nofp\libgcc.a(_udivmoddi4.o)
 .ARM.attributes
                0x000002e1       0x1e c:/progra~2/gnuarm~1/102021~1.10/bin/../lib/gcc/arm-none-eabi/10.3.1/thumb/v7e-m/nofp\libgcc.a(_dvmd_tls.o)
 .ARM.attributes
                0x000002ff       0x2e c:/progra~2/gnuarm~1/102021~1.10/bin/../lib/gcc/arm-none-eabi/10.3.1/../../../../arm-none-eabi/lib/thumb/v7e-m/nofp\libg.a(lib_a-impure.o)
 .ARM.attributes
                0x0000032d       0x2e c:/progra~2/gnuarm~1/102021~1.10/bin/../lib/gcc/arm-none-eabi/10.3.1/../../../../arm-none-eabi/lib/thumb/v7e-m/nofp\libg.a(lib_a-init.o)
 .ARM.attributes
                0x0000035b       0x2e c:/progra~2/gnuarm~1/102021~1.10/bin/../lib/gcc/arm-none-eabi/10.3.1/../../../../arm-none-eabi/lib/thumb/v7e-m/nofp\libg.a(lib_a-memset.o)
 .ARM.attributes
                0x00000389       0x2e c:/progra~2/gnuarm~1/102021~1.10/bin/../lib/gcc/arm-none-eabi/10.3.1/../../../../arm-none-eabi/lib/thumb/v7e-m/nofp\libg.a(lib_a-__call_atexit.o)
 .ARM.attributes
                0x000003b7       0x2e c:/progra~2/gnuarm~1/102021~1.10/bin/../lib/gcc/arm-none-eabi/10.3.1/../../../../arm-none-eabi/lib/thumb/v7e-m/nofp\libg.a(lib_a-atexit.o)
 .ARM.attributes
                0x000003e5       0x2e c:/progra~2/gnuarm~1/102021~1.10/bin/../lib/gcc/arm-none-eabi/10.3.1/../../../../arm-none-eabi/lib/thumb/v7e-m/nofp\libg.a(lib_a-fini.o)
 .ARM.attributes
                0x00000413       0x2e c:/progra~2/gnuarm~1/102021~1.10/bin/../lib/gcc/arm-none-eabi/10.3.1/../../../../arm-none-eabi/lib/thumb/v7e-m/nofp\libg.a(lib_a-lock.o)
 .ARM.attributes
                0x00000441       0x2e c:/progra~2/gnuarm~1/102021~1.10/bin/../lib/gcc/arm-none-eabi/10.3.1/../../../../arm-none-eabi/lib/thumb/v7e-m/nofp\libg.a(lib_a-__atexit.o)
 .ARM.attributes
                0x0000046f       0x1e c:/progra~2/gnuarm~1/102021~1.10/bin/../lib/gcc/arm-none-eabi/10.3.1/thumb/v7e-m/nofp/crtn.o
OUTPUT(1_2_KEY_LED.elf elf32-littlearm)
LOAD linker stubs
LOAD c:/progra~2/gnuarm~1/102021~1.10/bin/../lib/gcc/arm-none-eabi/10.3.1/../../../../arm-none-eabi/lib/thumb/v7e-m/nofp\libc.a
LOAD c:/progra~2/gnuarm~1/102021~1.10/bin/../lib/gcc/arm-none-eabi/10.3.1/../../../../arm-none-eabi/lib/thumb/v7e-m/nofp\libm.a
LOAD c:/progra~2/gnuarm~1/102021~1.10/bin/../lib/gcc/arm-none-eabi/10.3.1/thumb/v7e-m/nofp\libgcc.a

.debug_info     0x00000000     0x8fce
 .debug_info    0x00000000      0x4b3 CMakeFiles/1_2_KEY_LED.elf.dir/Core/Src/gpio.c.obj
 .debug_info    0x000004b3      0x719 CMakeFiles/1_2_KEY_LED.elf.dir/Core/Src/main.c.obj
 .debug_info    0x00000bcc      0x2a4 CMakeFiles/1_2_KEY_LED.elf.dir/Core/Src/stm32f4xx_hal_msp.c.obj
 .debug_info    0x00000e70      0x14a CMakeFiles/1_2_KEY_LED.elf.dir/Core/Src/stm32f4xx_it.c.obj
 .debug_info    0x00000fba      0x37d CMakeFiles/1_2_KEY_LED.elf.dir/Core/Src/system_stm32f4xx.c.obj
 .debug_info    0x00001337      0x9ce CMakeFiles/1_2_KEY_LED.elf.dir/Core/Src/usart.c.obj
 .debug_info    0x00001d05       0x22 CMakeFiles/1_2_KEY_LED.elf.dir/Core/Startup/startup_stm32f407zgtx.s.obj
 .debug_info    0x00001d27      0x9f0 CMakeFiles/1_2_KEY_LED.elf.dir/Drivers/STM32F4xx_HAL_Driver/Src/stm32f4xx_hal.c.obj
 .debug_info    0x00002717     0x1098 CMakeFiles/1_2_KEY_LED.elf.dir/Drivers/STM32F4xx_HAL_Driver/Src/stm32f4xx_hal_cortex.c.obj
 .debug_info    0x000037af      0x7b0 CMakeFiles/1_2_KEY_LED.elf.dir/Drivers/STM32F4xx_HAL_Driver/Src/stm32f4xx_hal_gpio.c.obj
 .debug_info    0x00003f5f      0xb03 CMakeFiles/1_2_KEY_LED.elf.dir/Drivers/STM32F4xx_HAL_Driver/Src/stm32f4xx_hal_rcc.c.obj
 .debug_info    0x00004a62     0x424e CMakeFiles/1_2_KEY_LED.elf.dir/Drivers/STM32F4xx_HAL_Driver/Src/stm32f4xx_hal_uart.c.obj
 .debug_info    0x00008cb0      0x31e CMakeFiles/1_2_KEY_LED.elf.dir/User/Key.c.obj

.debug_abbrev   0x00000000     0x1558
 .debug_abbrev  0x00000000      0x14e CMakeFiles/1_2_KEY_LED.elf.dir/Core/Src/gpio.c.obj
 .debug_abbrev  0x0000014e      0x1c2 CMakeFiles/1_2_KEY_LED.elf.dir/Core/Src/main.c.obj
 .debug_abbrev  0x00000310       0xd1 CMakeFiles/1_2_KEY_LED.elf.dir/Core/Src/stm32f4xx_hal_msp.c.obj
 .debug_abbrev  0x000003e1       0x91 CMakeFiles/1_2_KEY_LED.elf.dir/Core/Src/stm32f4xx_it.c.obj
 .debug_abbrev  0x00000472      0x119 CMakeFiles/1_2_KEY_LED.elf.dir/Core/Src/system_stm32f4xx.c.obj
 .debug_abbrev  0x0000058b      0x1da CMakeFiles/1_2_KEY_LED.elf.dir/Core/Src/usart.c.obj
 .debug_abbrev  0x00000765       0x12 CMakeFiles/1_2_KEY_LED.elf.dir/Core/Startup/startup_stm32f407zgtx.s.obj
 .debug_abbrev  0x00000777      0x206 CMakeFiles/1_2_KEY_LED.elf.dir/Drivers/STM32F4xx_HAL_Driver/Src/stm32f4xx_hal.c.obj
 .debug_abbrev  0x0000097d      0x36a CMakeFiles/1_2_KEY_LED.elf.dir/Drivers/STM32F4xx_HAL_Driver/Src/stm32f4xx_hal_cortex.c.obj
 .debug_abbrev  0x00000ce7      0x1ef CMakeFiles/1_2_KEY_LED.elf.dir/Drivers/STM32F4xx_HAL_Driver/Src/stm32f4xx_hal_gpio.c.obj
 .debug_abbrev  0x00000ed6      0x28a CMakeFiles/1_2_KEY_LED.elf.dir/Drivers/STM32F4xx_HAL_Driver/Src/stm32f4xx_hal_rcc.c.obj
 .debug_abbrev  0x00001160      0x2fd CMakeFiles/1_2_KEY_LED.elf.dir/Drivers/STM32F4xx_HAL_Driver/Src/stm32f4xx_hal_uart.c.obj
 .debug_abbrev  0x0000145d       0xfb CMakeFiles/1_2_KEY_LED.elf.dir/User/Key.c.obj

.debug_aranges  0x00000000      0x5f8
 .debug_aranges
                0x00000000       0x20 CMakeFiles/1_2_KEY_LED.elf.dir/Core/Src/gpio.c.obj
 .debug_aranges
                0x00000020       0x30 CMakeFiles/1_2_KEY_LED.elf.dir/Core/Src/main.c.obj
 .debug_aranges
                0x00000050       0x20 CMakeFiles/1_2_KEY_LED.elf.dir/Core/Src/stm32f4xx_hal_msp.c.obj
 .debug_aranges
                0x00000070       0x60 CMakeFiles/1_2_KEY_LED.elf.dir/Core/Src/stm32f4xx_it.c.obj
 .debug_aranges
                0x000000d0       0x28 CMakeFiles/1_2_KEY_LED.elf.dir/Core/Src/system_stm32f4xx.c.obj
 .debug_aranges
                0x000000f8       0x30 CMakeFiles/1_2_KEY_LED.elf.dir/Core/Src/usart.c.obj
 .debug_aranges
                0x00000128       0x28 CMakeFiles/1_2_KEY_LED.elf.dir/Core/Startup/startup_stm32f407zgtx.s.obj
 .debug_aranges
                0x00000150       0xf0 CMakeFiles/1_2_KEY_LED.elf.dir/Drivers/STM32F4xx_HAL_Driver/Src/stm32f4xx_hal.c.obj
 .debug_aranges
                0x00000240       0xa8 CMakeFiles/1_2_KEY_LED.elf.dir/Drivers/STM32F4xx_HAL_Driver/Src/stm32f4xx_hal_cortex.c.obj
 .debug_aranges
                0x000002e8       0x58 CMakeFiles/1_2_KEY_LED.elf.dir/Drivers/STM32F4xx_HAL_Driver/Src/stm32f4xx_hal_gpio.c.obj
 .debug_aranges
                0x00000340       0x88 CMakeFiles/1_2_KEY_LED.elf.dir/Drivers/STM32F4xx_HAL_Driver/Src/stm32f4xx_hal_rcc.c.obj
 .debug_aranges
                0x000003c8      0x200 CMakeFiles/1_2_KEY_LED.elf.dir/Drivers/STM32F4xx_HAL_Driver/Src/stm32f4xx_hal_uart.c.obj
 .debug_aranges
                0x000005c8       0x30 CMakeFiles/1_2_KEY_LED.elf.dir/User/Key.c.obj

.debug_ranges   0x00000000      0x5c0
 .debug_ranges  0x00000000       0x10 CMakeFiles/1_2_KEY_LED.elf.dir/Core/Src/gpio.c.obj
 .debug_ranges  0x00000010       0x20 CMakeFiles/1_2_KEY_LED.elf.dir/Core/Src/main.c.obj
 .debug_ranges  0x00000030       0x10 CMakeFiles/1_2_KEY_LED.elf.dir/Core/Src/stm32f4xx_hal_msp.c.obj
 .debug_ranges  0x00000040       0x50 CMakeFiles/1_2_KEY_LED.elf.dir/Core/Src/stm32f4xx_it.c.obj
 .debug_ranges  0x00000090       0x18 CMakeFiles/1_2_KEY_LED.elf.dir/Core/Src/system_stm32f4xx.c.obj
 .debug_ranges  0x000000a8       0x20 CMakeFiles/1_2_KEY_LED.elf.dir/Core/Src/usart.c.obj
 .debug_ranges  0x000000c8       0x20 CMakeFiles/1_2_KEY_LED.elf.dir/Core/Startup/startup_stm32f407zgtx.s.obj
 .debug_ranges  0x000000e8       0xe0 CMakeFiles/1_2_KEY_LED.elf.dir/Drivers/STM32F4xx_HAL_Driver/Src/stm32f4xx_hal.c.obj
 .debug_ranges  0x000001c8       0xf8 CMakeFiles/1_2_KEY_LED.elf.dir/Drivers/STM32F4xx_HAL_Driver/Src/stm32f4xx_hal_cortex.c.obj
 .debug_ranges  0x000002c0       0x48 CMakeFiles/1_2_KEY_LED.elf.dir/Drivers/STM32F4xx_HAL_Driver/Src/stm32f4xx_hal_gpio.c.obj
 .debug_ranges  0x00000308       0x90 CMakeFiles/1_2_KEY_LED.elf.dir/Drivers/STM32F4xx_HAL_Driver/Src/stm32f4xx_hal_rcc.c.obj
 .debug_ranges  0x00000398      0x208 CMakeFiles/1_2_KEY_LED.elf.dir/Drivers/STM32F4xx_HAL_Driver/Src/stm32f4xx_hal_uart.c.obj
 .debug_ranges  0x000005a0       0x20 CMakeFiles/1_2_KEY_LED.elf.dir/User/Key.c.obj

.debug_line     0x00000000     0x771b
 .debug_line    0x00000000      0x202 CMakeFiles/1_2_KEY_LED.elf.dir/Core/Src/gpio.c.obj
 .debug_line    0x00000202      0x3bf CMakeFiles/1_2_KEY_LED.elf.dir/Core/Src/main.c.obj
 .debug_line    0x000005c1      0x169 CMakeFiles/1_2_KEY_LED.elf.dir/Core/Src/stm32f4xx_hal_msp.c.obj
 .debug_line    0x0000072a      0x1c1 CMakeFiles/1_2_KEY_LED.elf.dir/Core/Src/stm32f4xx_it.c.obj
 .debug_line    0x000008eb      0x231 CMakeFiles/1_2_KEY_LED.elf.dir/Core/Src/system_stm32f4xx.c.obj
 .debug_line    0x00000b1c      0x305 CMakeFiles/1_2_KEY_LED.elf.dir/Core/Src/usart.c.obj
 .debug_line    0x00000e21       0x9e CMakeFiles/1_2_KEY_LED.elf.dir/Core/Startup/startup_stm32f407zgtx.s.obj
 .debug_line    0x00000ebf      0x5a5 CMakeFiles/1_2_KEY_LED.elf.dir/Drivers/STM32F4xx_HAL_Driver/Src/stm32f4xx_hal.c.obj
 .debug_line    0x00001464      0x7b8 CMakeFiles/1_2_KEY_LED.elf.dir/Drivers/STM32F4xx_HAL_Driver/Src/stm32f4xx_hal_cortex.c.obj
 .debug_line    0x00001c1c      0x708 CMakeFiles/1_2_KEY_LED.elf.dir/Drivers/STM32F4xx_HAL_Driver/Src/stm32f4xx_hal_gpio.c.obj
 .debug_line    0x00002324      0xb37 CMakeFiles/1_2_KEY_LED.elf.dir/Drivers/STM32F4xx_HAL_Driver/Src/stm32f4xx_hal_rcc.c.obj
 .debug_line    0x00002e5b     0x462e CMakeFiles/1_2_KEY_LED.elf.dir/Drivers/STM32F4xx_HAL_Driver/Src/stm32f4xx_hal_uart.c.obj
 .debug_line    0x00007489      0x292 CMakeFiles/1_2_KEY_LED.elf.dir/User/Key.c.obj

.debug_str      0x00000000     0x227e
 .debug_str     0x00000000      0x33a CMakeFiles/1_2_KEY_LED.elf.dir/Core/Src/gpio.c.obj
                                0x38a (size before relaxing)
 .debug_str     0x0000033a      0x247 CMakeFiles/1_2_KEY_LED.elf.dir/Core/Src/main.c.obj
                                0x540 (size before relaxing)
 .debug_str     0x00000581       0x42 CMakeFiles/1_2_KEY_LED.elf.dir/Core/Src/stm32f4xx_hal_msp.c.obj
                                0x2d9 (size before relaxing)
 .debug_str     0x000005c3       0xe4 CMakeFiles/1_2_KEY_LED.elf.dir/Core/Src/stm32f4xx_it.c.obj
                                0x264 (size before relaxing)
 .debug_str     0x000006a7       0x9d CMakeFiles/1_2_KEY_LED.elf.dir/Core/Src/system_stm32f4xx.c.obj
                                0x33f (size before relaxing)
 .debug_str     0x00000744      0x461 CMakeFiles/1_2_KEY_LED.elf.dir/Core/Src/usart.c.obj
                                0x81a (size before relaxing)
 .debug_str     0x00000ba5       0x4c CMakeFiles/1_2_KEY_LED.elf.dir/Core/Startup/startup_stm32f407zgtx.s.obj
                                 0x77 (size before relaxing)
 .debug_str     0x00000bf1      0x87a CMakeFiles/1_2_KEY_LED.elf.dir/Drivers/STM32F4xx_HAL_Driver/Src/stm32f4xx_hal.c.obj
                                0xb78 (size before relaxing)
 .debug_str     0x0000146b      0x4c8 CMakeFiles/1_2_KEY_LED.elf.dir/Drivers/STM32F4xx_HAL_Driver/Src/stm32f4xx_hal_cortex.c.obj
                                0xc4a (size before relaxing)
 .debug_str     0x00001933      0x12b CMakeFiles/1_2_KEY_LED.elf.dir/Drivers/STM32F4xx_HAL_Driver/Src/stm32f4xx_hal_gpio.c.obj
                                0x4fe (size before relaxing)
 .debug_str     0x00001a5e      0x191 CMakeFiles/1_2_KEY_LED.elf.dir/Drivers/STM32F4xx_HAL_Driver/Src/stm32f4xx_hal_rcc.c.obj
                                0x724 (size before relaxing)
 .debug_str     0x00001bef      0x66b CMakeFiles/1_2_KEY_LED.elf.dir/Drivers/STM32F4xx_HAL_Driver/Src/stm32f4xx_hal_uart.c.obj
                                0xd77 (size before relaxing)
 .debug_str     0x0000225a       0x24 CMakeFiles/1_2_KEY_LED.elf.dir/User/Key.c.obj
                                0x252 (size before relaxing)

.comment        0x00000000       0x49
 .comment       0x00000000       0x49 CMakeFiles/1_2_KEY_LED.elf.dir/Core/Src/gpio.c.obj
                                 0x4a (size before relaxing)
 .comment       0x00000049       0x4a CMakeFiles/1_2_KEY_LED.elf.dir/Core/Src/main.c.obj
 .comment       0x00000049       0x4a CMakeFiles/1_2_KEY_LED.elf.dir/Core/Src/stm32f4xx_hal_msp.c.obj
 .comment       0x00000049       0x4a CMakeFiles/1_2_KEY_LED.elf.dir/Core/Src/stm32f4xx_it.c.obj
 .comment       0x00000049       0x4a CMakeFiles/1_2_KEY_LED.elf.dir/Core/Src/system_stm32f4xx.c.obj
 .comment       0x00000049       0x4a CMakeFiles/1_2_KEY_LED.elf.dir/Core/Src/usart.c.obj
 .comment       0x00000049       0x4a CMakeFiles/1_2_KEY_LED.elf.dir/Drivers/STM32F4xx_HAL_Driver/Src/stm32f4xx_hal.c.obj
 .comment       0x00000049       0x4a CMakeFiles/1_2_KEY_LED.elf.dir/Drivers/STM32F4xx_HAL_Driver/Src/stm32f4xx_hal_cortex.c.obj
 .comment       0x00000049       0x4a CMakeFiles/1_2_KEY_LED.elf.dir/Drivers/STM32F4xx_HAL_Driver/Src/stm32f4xx_hal_gpio.c.obj
 .comment       0x00000049       0x4a CMakeFiles/1_2_KEY_LED.elf.dir/Drivers/STM32F4xx_HAL_Driver/Src/stm32f4xx_hal_rcc.c.obj
 .comment       0x00000049       0x4a CMakeFiles/1_2_KEY_LED.elf.dir/Drivers/STM32F4xx_HAL_Driver/Src/stm32f4xx_hal_uart.c.obj
 .comment       0x00000049       0x4a CMakeFiles/1_2_KEY_LED.elf.dir/User/Key.c.obj

.debug_frame    0x00000000      0xfdc
 .debug_frame   0x00000000       0x34 CMakeFiles/1_2_KEY_LED.elf.dir/Core/Src/gpio.c.obj
 .debug_frame   0x00000034       0x58 CMakeFiles/1_2_KEY_LED.elf.dir/Core/Src/main.c.obj
 .debug_frame   0x0000008c       0x28 CMakeFiles/1_2_KEY_LED.elf.dir/Core/Src/stm32f4xx_hal_msp.c.obj
 .debug_frame   0x000000b4       0xb0 CMakeFiles/1_2_KEY_LED.elf.dir/Core/Src/stm32f4xx_it.c.obj
 .debug_frame   0x00000164       0x30 CMakeFiles/1_2_KEY_LED.elf.dir/Core/Src/system_stm32f4xx.c.obj
 .debug_frame   0x00000194       0x60 CMakeFiles/1_2_KEY_LED.elf.dir/Core/Src/usart.c.obj
 .debug_frame   0x000001f4      0x1ec CMakeFiles/1_2_KEY_LED.elf.dir/Drivers/STM32F4xx_HAL_Driver/Src/stm32f4xx_hal.c.obj
 .debug_frame   0x000003e0      0x148 CMakeFiles/1_2_KEY_LED.elf.dir/Drivers/STM32F4xx_HAL_Driver/Src/stm32f4xx_hal_cortex.c.obj
 .debug_frame   0x00000528       0xd8 CMakeFiles/1_2_KEY_LED.elf.dir/Drivers/STM32F4xx_HAL_Driver/Src/stm32f4xx_hal_gpio.c.obj
 .debug_frame   0x00000600      0x16c CMakeFiles/1_2_KEY_LED.elf.dir/Drivers/STM32F4xx_HAL_Driver/Src/stm32f4xx_hal_rcc.c.obj
 .debug_frame   0x0000076c      0x5cc CMakeFiles/1_2_KEY_LED.elf.dir/Drivers/STM32F4xx_HAL_Driver/Src/stm32f4xx_hal_uart.c.obj
 .debug_frame   0x00000d38       0x58 CMakeFiles/1_2_KEY_LED.elf.dir/User/Key.c.obj
 .debug_frame   0x00000d90       0x2c c:/progra~2/gnuarm~1/102021~1.10/bin/../lib/gcc/arm-none-eabi/10.3.1/thumb/v7e-m/nofp\libgcc.a(_aeabi_uldivmod.o)
 .debug_frame   0x00000dbc       0x34 c:/progra~2/gnuarm~1/102021~1.10/bin/../lib/gcc/arm-none-eabi/10.3.1/thumb/v7e-m/nofp\libgcc.a(_udivmoddi4.o)
 .debug_frame   0x00000df0       0x2c c:/progra~2/gnuarm~1/102021~1.10/bin/../lib/gcc/arm-none-eabi/10.3.1/../../../../arm-none-eabi/lib/thumb/v7e-m/nofp\libg.a(lib_a-init.o)
 .debug_frame   0x00000e1c       0x2c c:/progra~2/gnuarm~1/102021~1.10/bin/../lib/gcc/arm-none-eabi/10.3.1/../../../../arm-none-eabi/lib/thumb/v7e-m/nofp\libg.a(lib_a-memset.o)
 .debug_frame   0x00000e48       0x5c c:/progra~2/gnuarm~1/102021~1.10/bin/../lib/gcc/arm-none-eabi/10.3.1/../../../../arm-none-eabi/lib/thumb/v7e-m/nofp\libg.a(lib_a-__call_atexit.o)
 .debug_frame   0x00000ea4       0x20 c:/progra~2/gnuarm~1/102021~1.10/bin/../lib/gcc/arm-none-eabi/10.3.1/../../../../arm-none-eabi/lib/thumb/v7e-m/nofp\libg.a(lib_a-atexit.o)
 .debug_frame   0x00000ec4       0x34 c:/progra~2/gnuarm~1/102021~1.10/bin/../lib/gcc/arm-none-eabi/10.3.1/../../../../arm-none-eabi/lib/thumb/v7e-m/nofp\libg.a(lib_a-fini.o)
 .debug_frame   0x00000ef8       0xb0 c:/progra~2/gnuarm~1/102021~1.10/bin/../lib/gcc/arm-none-eabi/10.3.1/../../../../arm-none-eabi/lib/thumb/v7e-m/nofp\libg.a(lib_a-lock.o)
 .debug_frame   0x00000fa8       0x34 c:/progra~2/gnuarm~1/102021~1.10/bin/../lib/gcc/arm-none-eabi/10.3.1/../../../../arm-none-eabi/lib/thumb/v7e-m/nofp\libg.a(lib_a-__atexit.o)

.debug_loc      0x00000000     0x5f75
 .debug_loc     0x00000000      0x158 CMakeFiles/1_2_KEY_LED.elf.dir/Core/Src/system_stm32f4xx.c.obj
 .debug_loc     0x00000158       0x84 CMakeFiles/1_2_KEY_LED.elf.dir/Core/Src/usart.c.obj
 .debug_loc     0x000001dc      0x141 CMakeFiles/1_2_KEY_LED.elf.dir/Drivers/STM32F4xx_HAL_Driver/Src/stm32f4xx_hal.c.obj
 .debug_loc     0x0000031d      0x744 CMakeFiles/1_2_KEY_LED.elf.dir/Drivers/STM32F4xx_HAL_Driver/Src/stm32f4xx_hal_cortex.c.obj
 .debug_loc     0x00000a61      0x520 CMakeFiles/1_2_KEY_LED.elf.dir/Drivers/STM32F4xx_HAL_Driver/Src/stm32f4xx_hal_gpio.c.obj
 .debug_loc     0x00000f81      0x58c CMakeFiles/1_2_KEY_LED.elf.dir/Drivers/STM32F4xx_HAL_Driver/Src/stm32f4xx_hal_rcc.c.obj
 .debug_loc     0x0000150d     0x49ab CMakeFiles/1_2_KEY_LED.elf.dir/Drivers/STM32F4xx_HAL_Driver/Src/stm32f4xx_hal_uart.c.obj
 .debug_loc     0x00005eb8       0xbd CMakeFiles/1_2_KEY_LED.elf.dir/User/Key.c.obj
